=== DIAG8 Thu Jan  1 00:00:24 UTC 1970 ===
kernel: Linux version 4.4.186-release (dafunknoise@DFNK) (gcc version 6.3.0 (Codescape GNU Tools 2018.09-02 for MIPS MTI Linux) ) #19 PREEMPT Thu Sep 17 03:24:14 -05 2026

-- /proc/interrupts SNAPSHOT 1 --
           CPU0       
  7:      46963      MIPS   7  timer
  9:        332   sys_irq   4  18806000.ge
 10:       4416   sys_irq  10  dw-mci
 11:          0   sys_irq   0  18800044.gpio, 188000c4.gpio, 188000e4.gpio, 18800344.gpio
 35:          2   sys_irq  35  1882e000.spi
 50:          0   sys_irq  50  musb-hdrc.1.auto
 51:          0   sys_irq  51  musb-hdrc.1.auto
 52:          0   sys_irq  52  musb-hdrc.0.auto
 53:          0   sys_irq  53  musb-hdrc.0.auto
 66:       7237   sys_irq  66  18800800.amprpc
ERR:          0

-- /proc/devices (drivers char/block registrados) --
Character devices:
  1 mem
  2 pty
  3 ttyp
  4 /dev/vc/0
  4 tty
  4 ttyS
  5 /dev/tty
  5 /dev/console
  5 /dev/ptmx
  7 vcs
 10 misc
 13 input
 21 sg
 29 fb
 86 ch
 89 i2c
 90 mtd
128 ptm
136 pts
153 spi
180 usb
189 usb_device
229 hc_checkadc_class
230 hc_checkadc_class
231 ge
232 mmz
233 mipi
234 backlight
235 ZZd2C
236 standby
237 hdmi
238 hdmi_rx
239 pq
240 tv_decoder
241 dis
242 vidsink
243 sndC0spo
244 sndC0i2si
245 sndC0i2so
246 vindvp
247 avsync0
248 viddec
249 audsink
250 auddec
251 kshmdev
252 virtuart
253 bsg
254 watchdog

Block devices:
259 blkext
  8 sd
 31 mtdblock
 65 sd
 66 sd
 67 sd
 68 sd
 69 sd
 70 sd
 71 sd
128 sd
129 sd
130 sd
131 sd
132 sd
133 sd
134 sd
135 sd
179 mmc

-- /proc/misc --
 57 ubi_ctrl
 58 memory_bandwidth
 59 network_throughput
 60 network_latency
 61 cpu_dma_latency
 62 persistentmem
201 hc-p2p
 63 dumpstack
229 fuse

-- /proc/iomem --
00000000-0af91e4f : System RAM
  00000000-003e69ab : Kernel code
  003e69ac-0055afff : Kernel data
18800044-1880005f : /soc/gpio@18800044
188000c4-188000df : /soc/gpio@188000c4
188000e4-188000ff : /soc/gpio@188000e4
18800344-1880035f : /soc/gpio@18800344
188004a0-188004cf : GPIO_L
188004e0-1880050f : GPIO_B
18800520-1880054f : GPIO_R
18800560-1880058f : GPIO_T
18806000-18807fff : /soc/ge@18806000
18818300-1881830b : serial
18818600-1881860b : serial
18844000-18844fff : /soc/usb@18844000
  18844000-18844fff : /soc/usb@18844000
1884c000-1884dfff : /soc/mmc@1884C000
18850000-18850fff : /soc/usb@18850000
  18850000-18850fff : /soc/usb@18850000

-- mmz --

-- nodos media presentes --
crw-rw----    1 root     root      235,   0 Jan  1 00:00 /dev/ZZd2C
crw-rw----    1 root     root      250,   0 Jan  1 00:00 /dev/auddec
crw-rw----    1 root     root      249,   0 Jan  1 00:00 /dev/audsink
crw-rw----    1 root     root      247,   0 Jan  1 00:00 /dev/avsync0
crw-rw----    1 root     root      251,   0 Jan  1 00:00 /dev/kshmdev
crw-rw----    1 root     root      232,   0 Jan  1 00:00 /dev/mmz
crw-rw----    1 root     root      239,   0 Jan  1 00:00 /dev/pq
crw-rw----    1 root     root      248,   0 Jan  1 00:00 /dev/viddec
crw-rw----    1 root     root      242,   0 Jan  1 00:00 /dev/vidsink
crw-rw----    1 root     root      246,   0 Jan  1 00:00 /dev/vindvp

-- sysfs: kernel y class (top) --
config
debug
fscaps
mm
notes
rcu_expedited
uevent_helper
uevent_seqnum
ZZd2C_class
auddec_class
audsink_class
avsync0_class
backlight_class
bdi
block
bsg
check_adc1
check_adc5
dis_class
ge
gpio
graphics
hdmi_class
hdmi_rx_class
i2c-adapter
i2c-dev
input
kshmdev_class
mem
mipi_class
misc
mmc_host
mmz_class
mtd
net
pq_class
rc
scsi_changer
scsi_device
scsi_disk
scsi_generic
scsi_host
sndC0i2si_class
sndC0i2so_class
sndC0spo_class
spi_master
spidev
standby_class
tty
tv_decoder_class
ubi
udc
vc
viddec_class
vidsink_class
vindvp_class
virtuart_class
vtconsole
watchdog

-- fds /dev abiertos por proceso --
pid 1 [init       ] ->console 
pid 1072 [hcdaemon ] ->ZZd2C console null 
pid 1088 [/bin/sh -- ] ->console tty 
pid 1089 [/mnt/sdcard/cubegm/icube ] ->console null 
pid 1096 [/bin/sh /tmp/treefrog-zhijack.sh ] ->auddec check_adc1 console fb0 ge mem null 
pid 1101 [/usr/bin/cubevol ] ->check_adc1 check_adc5 console dis fb1 hdmi mem null 
pid 1115 [/mnt/sdcard/cubegm/nosleep -w 0x406d24:0xac62bb18 0x40701c:0xae02bb18 0x406b50:0xac44bb18 0x406d84:0xac62bcc8 0x407088:0xae02bcc8 0x406bb0:0xac44bcc8 ] ->auddec check_adc1 fb0 ge mem null 
pid 1117 [picoarch /mnt/sdcard/cubegm/cores/frogshell_libretro.so /mnt/sdcard/cubegm/cores/frogshell_libretro.so ] ->auddec check_adc1 check_adc5 fb0 ge mem null 

-- delta: esperando 10s --
-- /proc/interrupts SNAPSHOT 2 (tras 10s) --
           CPU0       
  7:      72871      MIPS   7  timer
  9:        792   sys_irq   4  18806000.ge
 10:       4526   sys_irq  10  dw-mci
 11:          0   sys_irq   0  18800044.gpio, 188000c4.gpio, 188000e4.gpio, 18800344.gpio
 35:          2   sys_irq  35  1882e000.spi
 50:          0   sys_irq  50  musb-hdrc.1.auto
 51:          0   sys_irq  51  musb-hdrc.1.auto
 52:          0   sys_irq  52  musb-hdrc.0.auto
 53:          0   sys_irq  53  musb-hdrc.0.auto
 66:      12431   sys_irq  66  18800800.amprpc
ERR:          0

-- procesos --
PID   USER     COMMAND
    1 root     init
    2 root     [kthreadd]
    3 root     [ksoftirqd/0]
    4 root     [kworker/0:0]
    5 root     [kworker/0:0H]
    6 root     [kworker/u2:0]
    7 root     [rcu_preempt]
    8 root     [rcu_sched]
    9 root     [rcu_bh]
   10 root     [kdevtmpfs]
   11 root     [kworker/u2:1]
  206 root     [writeback]
  208 root     [crypto]
  209 root     [bioset]
  211 root     [kblockd]
  312 root     [rpcwork0]
  313 root     [rpcwork1]
  314 root     [rpcwork2]
  315 root     [rpcwork3]
  316 root     [rpcwork4]
  317 root     [rpcwork5]
  318 root     [rpcwork6]
  319 root     [rpcwork7]
  321 root     [kworker/0:1]
  328 root     [kswapd0]
  329 root     [fsnotify_mark]
  897 root     [kworker/u2:2]
  911 root     [spi32766]
  915 root     [bioset]
  920 root     [bioset]
  926 root     [bioset]
  931 root     [bioset]
  981 root     [bioset]
  982 root     [mmcqd/0]
 1006 root     [deferwq]
 1072 root     hcdaemon
 1084 root     [kworker/0:1H]
 1088 root     /bin/sh --
 1089 root     /mnt/sdcard/cubegm/icube
 1091 root     [rkgame]
 1096 root     /bin/sh /tmp/treefrog-zhijack.sh
 1101 root     /usr/bin/cubevol
 1115 root     /mnt/sdcard/cubegm/nosleep -w 0x406d24:0xac62bb18 0x40701c:0xae02bb18 0x406b50:0xac44bb18 0x406d84:0xac62bcc8 0x407088:0xae02bcc8 0x406bb0:0xac44bcc8
 1117 root     picoarch /mnt/sdcard/cubegm/cores/frogshell_libretro.so /mnt/sdcard/cubegm/cores/frogshell_libretro.so
 1132 root     /bin/sh /mnt/sdcard/diag8.sh
 1300 root     ps w

=== FIN DIAG8 ===
