T0 uptime=1.08 kernel=4.4.186-release
=== uptime=1.10 ===
PID   USER     COMMAND
    1 root     init
    2 root     [kthreadd]
    3 root     [ksoftirqd/0]
    4 root     [kworker/0:0]
    5 root     [kworker/0:0H]
    6 root     [kworker/u2:0]
    7 root     [rcu_preempt]
    8 root     [rcu_sched]
    9 root     [rcu_bh]
   10 root     [kdevtmpfs]
   11 root     [kworker/u2:1]
  206 root     [writeback]
  208 root     [crypto]
  209 root     [bioset]
  211 root     [kblockd]
  312 root     [rpcwork0]
  313 root     [rpcwork1]
  314 root     [rpcwork2]
  315 root     [rpcwork3]
  316 root     [rpcwork4]
  317 root     [rpcwork5]
  318 root     [rpcwork6]
  319 root     [rpcwork7]
  321 root     [kworker/0:1]
  328 root     [kswapd0]
  329 root     [fsnotify_mark]
  892 root     [kworker/u2:2]
  894 root     [kworker/u2:3]
  903 root     [kworker/u2:4]
  908 root     [spi32766]
  912 root     [bioset]
  918 root     [bioset]
  923 root     [bioset]
  928 root     [bioset]
  976 root     [bioset]
  979 root     [mmcqd/0]
 1002 root     [deferwq]
 1024 root     {rcS} /bin/sh /etc/init.d/rcS
 1028 root     /sbin/syslogd -n
 1032 root     /sbin/klogd -n
 1046 root     {S09trace} /bin/sh /etc/init.d/S09trace start
 1047 root     {S10mdev} /bin/sh /etc/init.d/S10mdev start
 1050 root     ps w
tmpfs /media tmpfs rw,relatime 0 0
=== uptime=3.25 ===
PID   USER     COMMAND
    1 root     init
    2 root     [kthreadd]
    3 root     [ksoftirqd/0]
    4 root     [kworker/0:0]
    5 root     [kworker/0:0H]
    6 root     [kworker/u2:0]
    7 root     [rcu_preempt]
    8 root     [rcu_sched]
    9 root     [rcu_bh]
   10 root     [kdevtmpfs]
   11 root     [kworker/u2:1]
  206 root     [writeback]
  208 root     [crypto]
  209 root     [bioset]
  211 root     [kblockd]
  312 root     [rpcwork0]
  313 root     [rpcwork1]
  314 root     [rpcwork2]
  315 root     [rpcwork3]
  316 root     [rpcwork4]
  317 root     [rpcwork5]
  318 root     [rpcwork6]
  319 root     [rpcwork7]
  321 root     [kworker/0:1]
  328 root     [kswapd0]
  329 root     [fsnotify_mark]
  892 root     [kworker/u2:2]
  894 root     [kworker/u2:3]
  903 root     [kworker/u2:4]
  908 root     [spi32766]
  912 root     [bioset]
  918 root     [bioset]
  923 root     [bioset]
  928 root     [bioset]
  976 root     [bioset]
  979 root     [mmcqd/0]
 1002 root     [deferwq]
 1024 root     {rcS} /bin/sh /etc/init.d/rcS
 1028 root     /sbin/syslogd -n
 1032 root     /sbin/klogd -n
 1046 root     {S09trace} /bin/sh /etc/init.d/S09trace start
 1047 root     {S10mdev} /bin/sh /etc/init.d/S10mdev start
 1053 root     mdev -s
 1070 root     {mount-helper.sh} /bin/sh /etc/mdev/mount-helper.sh
 1071 root     sleep 1
 1073 root     ps w
tmpfs /media tmpfs rw,relatime 0 0
=== uptime=5.53 ===
PID   USER     COMMAND
    1 root     init
    2 root     [kthreadd]
    3 root     [ksoftirqd/0]
    4 root     [kworker/0:0]
    5 root     [kworker/0:0H]
    6 root     [kworker/u2:0]
    7 root     [rcu_preempt]
    8 root     [rcu_sched]
    9 root     [rcu_bh]
   10 root     [kdevtmpfs]
   11 root     [kworker/u2:1]
  206 root     [writeback]
  208 root     [crypto]
  209 root     [bioset]
  211 root     [kblockd]
  312 root     [rpcwork0]
  313 root     [rpcwork1]
  314 root     [rpcwork2]
  315 root     [rpcwork3]
  316 root     [rpcwork4]
  317 root     [rpcwork5]
  318 root     [rpcwork6]
  319 root     [rpcwork7]
  321 root     [kworker/0:1]
  328 root     [kswapd0]
  329 root     [fsnotify_mark]
  892 root     [kworker/u2:2]
  894 root     [kworker/u2:3]
  903 root     [kworker/u2:4]
  908 root     [spi32766]
  912 root     [bioset]
  918 root     [bioset]
  923 root     [bioset]
  928 root     [bioset]
  976 root     [bioset]
  979 root     [mmcqd/0]
 1002 root     [deferwq]
 1028 root     /sbin/syslogd -n
 1032 root     /sbin/klogd -n
 1046 root     {S09trace} /bin/sh /etc/init.d/S09trace start
 1108 root     hcdaemon
 1118 root     [kworker/0:1H]
 1124 root     /bin/sh --
 1125 root     /mnt/sdcard/cubegm/icube
 1127 root     rkgame
 1129 root     ps w
tmpfs /media tmpfs rw,relatime 0 0
/dev/mmcblk0p1 /media/mmc vfat rw,relatime,fmask=0000,dmask=0000,allow_utime=0022,codepage=437,iocharset=utf8,shortname=mixed,usefree,errors=remount-ro 0 0
/dev/mmcblk0p1 /mnt/sdcard vfat rw,relatime,fmask=0000,dmask=0000,allow_utime=0022,codepage=437,iocharset=utf8,shortname=mixed,usefree,errors=remount-ro 0 0
/dev/mmcblk0p1 /lib vfat rw,relatime,fmask=0000,dmask=0000,allow_utime=0022,codepage=437,iocharset=utf8,shortname=mixed,usefree,errors=remount-ro 0 0
/dev/mmcblk0p1 /usr vfat rw,relatime,fmask=0000,dmask=0000,allow_utime=0022,codepage=437,iocharset=utf8,shortname=mixed,usefree,errors=remount-ro 0 0
/dev/mmcblk0p1 /bin vfat rw,relatime,fmask=0000,dmask=0000,allow_utime=0022,codepage=437,iocharset=utf8,shortname=mixed,usefree,errors=remount-ro 0 0
/dev/mmcblk0p1 /sbin vfat rw,relatime,fmask=0000,dmask=0000,allow_utime=0022,codepage=437,iocharset=utf8,shortname=mixed,usefree,errors=remount-ro 0 0
/dev/mmcblk0p1 /etc vfat rw,relatime,fmask=0000,dmask=0000,allow_utime=0022,codepage=437,iocharset=utf8,shortname=mixed,usefree,errors=remount-ro 0 0
=== uptime=8.38 ===
PID   USER     COMMAND
    1 root     init
    2 root     [kthreadd]
    3 root     [ksoftirqd/0]
    4 root     [kworker/0:0]
    5 root     [kworker/0:0H]
    6 root     [kworker/u2:0]
    7 root     [rcu_preempt]
    8 root     [rcu_sched]
    9 root     [rcu_bh]
   10 root     [kdevtmpfs]
   11 root     [kworker/u2:1]
  206 root     [writeback]
  208 root     [crypto]
  209 root     [bioset]
  211 root     [kblockd]
  312 root     [rpcwork0]
  313 root     [rpcwork1]
  314 root     [rpcwork2]
  315 root     [rpcwork3]
  316 root     [rpcwork4]
  317 root     [rpcwork5]
  318 root     [rpcwork6]
  319 root     [rpcwork7]
  321 root     [kworker/0:1]
  328 root     [kswapd0]
  329 root     [fsnotify_mark]
  892 root     [kworker/u2:2]
  894 root     [kworker/u2:3]
  903 root     [kworker/u2:4]
  908 root     [spi32766]
  912 root     [bioset]
  918 root     [bioset]
  923 root     [bioset]
  928 root     [bioset]
  976 root     [bioset]
  979 root     [mmcqd/0]
 1002 root     [deferwq]
 1028 root     /sbin/syslogd -n
 1032 root     /sbin/klogd -n
 1046 root     {S09trace} /bin/sh /etc/init.d/S09trace start
 1108 root     hcdaemon
 1118 root     [kworker/0:1H]
 1124 root     /bin/sh --
 1125 root     /mnt/sdcard/cubegm/icube
 1127 root     [rkgame]
 1138 root     /bin/sh /tmp/treefrog-zhijack.sh
 1140 root     /usr/bin/cubevol
 1158 root     /mnt/sdcard/cubegm/nosleep -w 0x406d24:0xac62bb18 0x40701c:0xae02bb18 0x406b50:0xac44bb18 0x406d84:0xac62bcc8 0x407088:0xae02bcc8 0x406bb0:0xac44bcc8
 1160 root     /mnt/sdcard/cubegm/picoarch /mnt/sdcard/cubegm/cores/frogui_libretro.so /mnt/sdcard/cubegm/cores/frogui_libretro.so
 1166 root     ps w
tmpfs /media tmpfs rw,relatime 0 0
/dev/mmcblk0p1 /media/mmc vfat rw,relatime,fmask=0000,dmask=0000,allow_utime=0022,codepage=437,iocharset=utf8,shortname=mixed,usefree,errors=remount-ro 0 0
/dev/mmcblk0p1 /mnt/sdcard vfat rw,relatime,fmask=0000,dmask=0000,allow_utime=0022,codepage=437,iocharset=utf8,shortname=mixed,usefree,errors=remount-ro 0 0
/dev/mmcblk0p1 /lib vfat rw,relatime,fmask=0000,dmask=0000,allow_utime=0022,codepage=437,iocharset=utf8,shortname=mixed,usefree,errors=remount-ro 0 0
/dev/mmcblk0p1 /usr vfat rw,relatime,fmask=0000,dmask=0000,allow_utime=0022,codepage=437,iocharset=utf8,shortname=mixed,usefree,errors=remount-ro 0 0
/dev/mmcblk0p1 /bin vfat rw,relatime,fmask=0000,dmask=0000,allow_utime=0022,codepage=437,iocharset=utf8,shortname=mixed,usefree,errors=remount-ro 0 0
/dev/mmcblk0p1 /sbin vfat rw,relatime,fmask=0000,dmask=0000,allow_utime=0022,codepage=437,iocharset=utf8,shortname=mixed,usefree,errors=remount-ro 0 0
/dev/mmcblk0p1 /etc vfat rw,relatime,fmask=0000,dmask=0000,allow_utime=0022,codepage=437,iocharset=utf8,shortname=mixed,usefree,errors=remount-ro 0 0
=== BOOT COMPLETO: picoarch detectado ===
