TFDBG start pid=1187 argv1=/mnt/sdcard/cubegm/cores/frogui_libretro.so next-bin=/mnt/sdcard/cubegm/picoarch
SF3000: /dev/dis ioctl ret=0
sf3000_fb_init: FBIOPUT ret=0
SF3000 fb0: 720x1280 (virtual 720x2560) bpp=32 line=2880 smem=14749264 mem=0x7636a000
SF3000 fb0: xoffset=0 yoffset=0 rotate=0 type=0 visual=2
SF3000 fb0: pixel r=16/8 g=8/8 b=0/8 a=24/8
SF3000 fb0: write-readback test: wrote 0xDEADBEEF got 0xDEADBEEF (OK)
video_drivers_init:51
video_drivers_init:74, colormode: 1
color_format is 1
game rotate:0
init rotate:0
init ver_flip:0
init hor_flip:0
rotate:0
ver_flip:0
hor_flip:0
create msg id: 0
Init gpio_lib success.
******************hcge_driver_init:40***********************
create msg id: 32769
Initialize fb, fbnum 7, width 1280, height 720, bits_per_pixel 16
w: 1280
h: 720
screen w: 640
screen h: 480
scale.h_div = 1280
scale.v_div = 720
scale.h_mul = 640
scale.v_mul = 480
rotate:0
video_drivers_init:76, colormode: 1
hwdisp: HW path active (init rv=36 g_render=0x76369640 ctx=0x9cf6d8)
video_driver_set_aspect_ratio 4:3
is_full_screen:1
sf3000_fb_init: hwdisp early-init ok
SDL surface: 320x240 bpp=16 pitch=640
input: new device #0 "sdl:keys"
input: async-only devices detected..
# drv probed binds name
0   0      y     y sdl:keys
SF3000 FN: HAS_FN=YES (bit 16 → SDLK_F11 FN, data-driven)
SF3000 input: ftok failed
SF3000 input: loaded keymap
libpicofe/readpng.c: failed to open: /mnt/sdcard/cubegm/skin/font.png
libpicofe/readpng.c: failed to open: /mnt/sdcard/cubegm/skin/selector.png
found skin.txt
skin.txt: parse error: background_color=0xF74131

FROGUI_DBG: retro_init start
FROGUI_DBG: geometry set
FROGUI_DBG: font_init done
FROGUI_DBG: font_scan done
FROGUI_DBG: wallpaper_scan done
FROGUI_DBG: theme_pack_scan done
FROGUI_DBG: icon_pack_scan done
FROGUI_DBG: theme_init done
FROGUI_DBG: settings loaded
FROGUI_DBG: recent_games_init done
FROGUI_DBG: favorites_init done
FROGUI_DBG: core overrides loaded
FROGUI_DBG: calloc done
FROGUI_DBG: render_init done
FROGUI_DBG: scan_directory done
FROGUI_DBG: retro_init complete
TFDBG video_refresh pid=1187 n=1 data=0x6e153008 size=640x480 pitch=1280 quit=0
TFDBG plat_video_process pid=1187 n=1 size=640x480 pitch=1280 fmt=2
TFDBG blit#1 w=640 h=480 pitch=1280 filter=0 scale=1 use_hw=1
is_full_screen:1
color_format is 1
Init gpio_lib success.
******************hcge_driver_init:40***********************
Initialize fb, fbnum 23, width 640, height 480, bits_per_pixel 16
w: 640
h: 480
screen w: 640
screen h: 480
scale.h_div = 640
scale.v_div = 480
scale.h_mul = 640
scale.v_mul = 480
rotate:0
video_driver_setting 640 480 1 img_w:640 img_h:480 img_p:1280
TFDBG video_refresh pid=1187 n=2 data=0x6db92008 size=640x480 pitch=1280 quit=0
TFDBG plat_video_process pid=1187 n=2 size=640x480 pitch=1280 fmt=2
TFDBG blit#2 w=640 h=480 pitch=1280 filter=0 scale=1 use_hw=1
TFDBG video_refresh pid=1187 n=3 data=0x6db92008 size=640x480 pitch=1280 quit=0
TFDBG plat_video_process pid=1187 n=3 size=640x480 pitch=1280 fmt=2
TFDBG blit#3 w=640 h=480 pitch=1280 filter=0 scale=1 use_hw=1
TFDBG video_refresh pid=1187 n=4 data=0x6db92008 size=640x480 pitch=1280 quit=0
TFDBG plat_video_process pid=1187 n=4 size=640x480 pitch=1280 fmt=2
TFDBG blit#4 w=640 h=480 pitch=1280 filter=0 scale=1 use_hw=1
TFDBG video_refresh pid=1187 n=5 data=0x6e153008 size=640x480 pitch=1280 quit=0
TFDBG plat_video_process pid=1187 n=5 size=640x480 pitch=1280 fmt=2
TFDBG blit#5 w=640 h=480 pitch=1280 filter=0 scale=1 use_hw=1
TFDBG video_refresh pid=1187 n=6 data=0x6e153008 size=640x480 pitch=1280 quit=0
TFDBG plat_video_process pid=1187 n=6 size=640x480 pitch=1280 fmt=2
TFDBG blit#6 w=640 h=480 pitch=1280 filter=0 scale=1 use_hw=1
TFDBG video_refresh pid=1187 n=7 data=0x6e153008 size=640x480 pitch=1280 quit=0
TFDBG plat_video_process pid=1187 n=7 size=640x480 pitch=1280 fmt=2
TFDBG blit#7 w=640 h=480 pitch=1280 filter=0 scale=1 use_hw=1
TFDBG video_refresh pid=1187 n=8 data=0x6e153008 size=640x480 pitch=1280 quit=0
TFDBG plat_video_process pid=1187 n=8 size=640x480 pitch=1280 fmt=2
TFDBG blit#8 w=640 h=480 pitch=1280 filter=0 scale=1 use_hw=1
TFDBG video_refresh pid=1187 n=9 data=0x6e153008 size=640x480 pitch=1280 quit=0
TFDBG plat_video_process pid=1187 n=9 size=640x480 pitch=1280 fmt=2
TFDBG blit#9 w=640 h=480 pitch=1280 filter=0 scale=1 use_hw=1
TFDBG video_refresh pid=1187 n=10 data=0x6e153008 size=640x480 pitch=1280 quit=0
TFDBG plat_video_process pid=1187 n=10 size=640x480 pitch=1280 fmt=2
TFDBG blit#10 w=640 h=480 pitch=1280 filter=0 scale=1 use_hw=1
TFDBG video_refresh pid=1187 n=11 data=0x6db92008 size=640x480 pitch=1280 quit=0
TFDBG plat_video_process pid=1187 n=11 size=640x480 pitch=1280 fmt=2
TFDBG blit#11 w=640 h=480 pitch=1280 filter=0 scale=1 use_hw=1
TFDBG video_refresh pid=1187 n=12 data=0x6db92008 size=640x480 pitch=1280 quit=0
TFDBG plat_video_process pid=1187 n=12 size=640x480 pitch=1280 fmt=2
TFDBG blit#12 w=640 h=480 pitch=1280 filter=0 scale=1 use_hw=1
TFDBG video_refresh pid=1187 n=13 data=0x6db92008 size=640x480 pitch=1280 quit=0
TFDBG plat_video_process pid=1187 n=13 size=640x480 pitch=1280 fmt=2
TFDBG blit#13 w=640 h=480 pitch=1280 filter=0 scale=1 use_hw=1
TFDBG video_refresh pid=1187 n=14 data=0x6e153008 size=640x480 pitch=1280 quit=0
TFDBG plat_video_process pid=1187 n=14 size=640x480 pitch=1280 fmt=2
TFDBG blit#14 w=640 h=480 pitch=1280 filter=0 scale=1 use_hw=1
FROGUI_DBG: standalone_launch: start
FROGUI_DBG: standalone_launch: file written
FROGUI_DBG: standalone_launch: media app, skipping recents
FROGUI_DBG: standalone_launch: calling environ_cb SHUTDOWN
FROGUI_DBG: standalone_launch: after environ_cb
[mp3 @ 0x76000480] Format mp3 detected only with low score of 25, misdetection possible!
[mp3 @ 0x76000480] Estimating duration from bitrate, this may be inaccurate
start auddec
local stream

stream_component_open codec_id 0x15001
stream_close enter
stream_close out
TFDBG start pid=1396 argv1=/mnt/sdcard/cubegm/cores/frogui_libretro.so next-bin=/mnt/sdcard/cubegm/picoarch
SF3000: /dev/dis ioctl ret=0
sf3000_fb_init: FBIOPUT ret=0
SF3000 fb0: 720x1280 (virtual 720x2560) bpp=32 line=2880 smem=14749264 mem=0x769e6000
SF3000 fb0: xoffset=0 yoffset=0 rotate=0 type=0 visual=2
SF3000 fb0: pixel r=16/8 g=8/8 b=0/8 a=24/8
SF3000 fb0: write-readback test: wrote 0xDEADBEEF got 0xDEADBEEF (OK)
video_drivers_init:51
video_drivers_init:74, colormode: 1
color_format is 1
game rotate:0
init rotate:0
init ver_flip:0
init hor_flip:0
rotate:0
ver_flip:0
hor_flip:0
create msg id: 0
Init gpio_lib success.
******************hcge_driver_init:40***********************
create msg id: 32769
Initialize fb, fbnum 7, width 1280, height 720, bits_per_pixel 16
w: 1280
h: 720
screen w: 640
screen h: 480
scale.h_div = 1280
scale.v_div = 720
scale.h_mul = 640
scale.v_mul = 480
rotate:0
video_drivers_init:76, colormode: 1
hwdisp: HW path active (init rv=36 g_render=0x769e5640 ctx=0x7236d8)
video_driver_set_aspect_ratio 4:3
is_full_screen:1
sf3000_fb_init: hwdisp early-init ok
SDL surface: 320x240 bpp=16 pitch=640
input: new device #0 "sdl:keys"
input: async-only devices detected..
# drv probed binds name
0   0      y     y sdl:keys
SF3000 FN: HAS_FN=YES (bit 16 → SDLK_F11 FN, data-driven)
SF3000 input: joy_key shm OK, initial keys=0x00000000
SF3000 input: loaded keymap
libpicofe/readpng.c: failed to open: /mnt/sdcard/cubegm/skin/font.png
libpicofe/readpng.c: failed to open: /mnt/sdcard/cubegm/skin/selector.png
found skin.txt
skin.txt: parse error: background_color=0xF74131

FROGUI_DBG: retro_init start
FROGUI_DBG: geometry set
FROGUI_DBG: font_init done
FROGUI_DBG: font_scan done
FROGUI_DBG: wallpaper_scan done
FROGUI_DBG: theme_pack_scan done
FROGUI_DBG: icon_pack_scan done
FROGUI_DBG: theme_init done
FROGUI_DBG: settings loaded
FROGUI_DBG: recent_games_init done
FROGUI_DBG: favorites_init done
FROGUI_DBG: core overrides loaded
FROGUI_DBG: calloc done
FROGUI_DBG: render_init done
FROGUI_DBG: scan_directory done
FROGUI_DBG: retro_init complete
TFDBG video_refresh pid=1396 n=1 data=0x6dfe7008 size=640x480 pitch=1280 quit=0
TFDBG plat_video_process pid=1396 n=1 size=640x480 pitch=1280 fmt=2
TFDBG blit#1 w=640 h=480 pitch=1280 filter=0 scale=1 use_hw=1
is_full_screen:1
color_format is 1
Init gpio_lib success.
******************hcge_driver_init:40***********************
Initialize fb, fbnum 23, width 640, height 480, bits_per_pixel 16
w: 640
h: 480
screen w: 640
screen h: 480
scale.h_div = 640
scale.v_div = 480
scale.h_mul = 640
scale.v_mul = 480
rotate:0
video_driver_setting 640 480 1 img_w:640 img_h:480 img_p:1280
TFDBG video_refresh pid=1396 n=2 data=0x6dfe7008 size=640x480 pitch=1280 quit=0
TFDBG plat_video_process pid=1396 n=2 size=640x480 pitch=1280 fmt=2
TFDBG blit#2 w=640 h=480 pitch=1280 filter=0 scale=1 use_hw=1
TFDBG video_refresh pid=1396 n=3 data=0x6dfe7008 size=640x480 pitch=1280 quit=0
TFDBG plat_video_process pid=1396 n=3 size=640x480 pitch=1280 fmt=2
TFDBG blit#3 w=640 h=480 pitch=1280 filter=0 scale=1 use_hw=1
TFDBG video_refresh pid=1396 n=4 data=0x6dfe7008 size=640x480 pitch=1280 quit=0
TFDBG plat_video_process pid=1396 n=4 size=640x480 pitch=1280 fmt=2
TFDBG blit#4 w=640 h=480 pitch=1280 filter=0 scale=1 use_hw=1
TFDBG video_refresh pid=1396 n=5 data=0x6dfe7008 size=640x480 pitch=1280 quit=0
TFDBG plat_video_process pid=1396 n=5 size=640x480 pitch=1280 fmt=2
TFDBG blit#5 w=640 h=480 pitch=1280 filter=0 scale=1 use_hw=1
TFDBG video_refresh pid=1396 n=6 data=0x6dfe7008 size=640x480 pitch=1280 quit=0
TFDBG plat_video_process pid=1396 n=6 size=640x480 pitch=1280 fmt=2
TFDBG blit#6 w=640 h=480 pitch=1280 filter=0 scale=1 use_hw=1
TFDBG video_refresh pid=1396 n=7 data=0x6dfe7008 size=640x480 pitch=1280 quit=0
TFDBG plat_video_process pid=1396 n=7 size=640x480 pitch=1280 fmt=2
TFDBG blit#7 w=640 h=480 pitch=1280 filter=0 scale=1 use_hw=1
TFDBG video_refresh pid=1396 n=8 data=0x6d7cb008 size=640x480 pitch=1280 quit=0
TFDBG plat_video_process pid=1396 n=8 size=640x480 pitch=1280 fmt=2
TFDBG blit#8 w=640 h=480 pitch=1280 filter=0 scale=1 use_hw=1
TFDBG video_refresh pid=1396 n=9 data=0x6d7cb008 size=640x480 pitch=1280 quit=0
TFDBG plat_video_process pid=1396 n=9 size=640x480 pitch=1280 fmt=2
TFDBG blit#9 w=640 h=480 pitch=1280 filter=0 scale=1 use_hw=1
TFDBG video_refresh pid=1396 n=10 data=0x6d7cb008 size=640x480 pitch=1280 quit=0
TFDBG plat_video_process pid=1396 n=10 size=640x480 pitch=1280 fmt=2
TFDBG blit#10 w=640 h=480 pitch=1280 filter=0 scale=1 use_hw=1
TFDBG video_refresh pid=1396 n=11 data=0x6dfe7008 size=640x480 pitch=1280 quit=0
TFDBG plat_video_process pid=1396 n=11 size=640x480 pitch=1280 fmt=2
TFDBG blit#11 w=640 h=480 pitch=1280 filter=0 scale=1 use_hw=1
TFDBG video_refresh pid=1396 n=12 data=0x6dfe7008 size=640x480 pitch=1280 quit=0
TFDBG plat_video_process pid=1396 n=12 size=640x480 pitch=1280 fmt=2
TFDBG blit#12 w=640 h=480 pitch=1280 filter=0 scale=1 use_hw=1
TFDBG video_refresh pid=1396 n=13 data=0x6dfe7008 size=640x480 pitch=1280 quit=0
TFDBG plat_video_process pid=1396 n=13 size=640x480 pitch=1280 fmt=2
TFDBG blit#13 w=640 h=480 pitch=1280 filter=0 scale=1 use_hw=1
TFDBG video_refresh pid=1396 n=14 data=0x6dfe7008 size=640x480 pitch=1280 quit=0
TFDBG plat_video_process pid=1396 n=14 size=640x480 pitch=1280 fmt=2
TFDBG blit#14 w=640 h=480 pitch=1280 filter=0 scale=1 use_hw=1
TFDBG video_refresh pid=1396 n=15 data=0x6dfe7008 size=640x480 pitch=1280 quit=0
TFDBG plat_video_process pid=1396 n=15 size=640x480 pitch=1280 fmt=2
TFDBG blit#15 w=640 h=480 pitch=1280 filter=0 scale=1 use_hw=1
TFDBG video_refresh pid=1396 n=16 data=0x6dfe7008 size=640x480 pitch=1280 quit=0
TFDBG plat_video_process pid=1396 n=16 size=640x480 pitch=1280 fmt=2
TFDBG blit#16 w=640 h=480 pitch=1280 filter=0 scale=1 use_hw=1
TFDBG video_refresh pid=1396 n=17 data=0x6dfe7008 size=640x480 pitch=1280 quit=0
TFDBG plat_video_process pid=1396 n=17 size=640x480 pitch=1280 fmt=2
TFDBG blit#17 w=640 h=480 pitch=1280 filter=0 scale=1 use_hw=1
TFDBG video_refresh pid=1396 n=18 data=0x6dfe7008 size=640x480 pitch=1280 quit=0
TFDBG plat_video_process pid=1396 n=18 size=640x480 pitch=1280 fmt=2
TFDBG blit#18 w=640 h=480 pitch=1280 filter=0 scale=1 use_hw=1
TFDBG video_refresh pid=1396 n=19 data=0x6dfe7008 size=640x480 pitch=1280 quit=0
TFDBG plat_video_process pid=1396 n=19 size=640x480 pitch=1280 fmt=2
TFDBG blit#19 w=640 h=480 pitch=1280 filter=0 scale=1 use_hw=1
TFDBG video_refresh pid=1396 n=20 data=0x6dfe7008 size=640x480 pitch=1280 quit=0
TFDBG plat_video_process pid=1396 n=20 size=640x480 pitch=1280 fmt=2
TFDBG blit#20 w=640 h=480 pitch=1280 filter=0 scale=1 use_hw=1
TFDBG video_refresh pid=1396 n=21 data=0x6dfe7008 size=640x480 pitch=1280 quit=0
TFDBG plat_video_process pid=1396 n=21 size=640x480 pitch=1280 fmt=2
TFDBG blit#21 w=640 h=480 pitch=1280 filter=0 scale=1 use_hw=1
TFDBG video_refresh pid=1396 n=22 data=0x6dfe7008 size=640x480 pitch=1280 quit=0
TFDBG plat_video_process pid=1396 n=22 size=640x480 pitch=1280 fmt=2
TFDBG blit#22 w=640 h=480 pitch=1280 filter=0 scale=1 use_hw=1
TFDBG video_refresh pid=1396 n=23 data=0x6dfe7008 size=640x480 pitch=1280 quit=0
TFDBG plat_video_process pid=1396 n=23 size=640x480 pitch=1280 fmt=2
TFDBG blit#23 w=640 h=480 pitch=1280 filter=0 scale=1 use_hw=1
TFDBG video_refresh pid=1396 n=24 data=0x6dfe7008 size=640x480 pitch=1280 quit=0
TFDBG plat_video_process pid=1396 n=24 size=640x480 pitch=1280 fmt=2
TFDBG blit#24 w=640 h=480 pitch=1280 filter=0 scale=1 use_hw=1
FROGUI_DBG: standalone_launch: start
FROGUI_DBG: standalone_launch: file written
FROGUI_DBG: standalone_launch: media app, skipping recents
FROGUI_DBG: standalone_launch: calling environ_cb SHUTDOWN
FROGUI_DBG: standalone_launch: after environ_cb
use ffmpeg aac_fixed decoder, type 1, codec_id 86018
start viddec
    Last message repeated 1 times
start auddec
local stream

stream_component_open codec_id 0x15002

stream_component_open codec_id 0x1b
stream_close enter
rotate.angle 0, rotate.mirror_enable 0,
stream_close out
TFDBG start pid=1461 argv1=/mnt/sdcard/cubegm/cores/frogui_libretro.so next-bin=/mnt/sdcard/cubegm/picoarch
SF3000: /dev/dis ioctl ret=0
sf3000_fb_init: FBIOPUT ret=0
SF3000 fb0: 720x1280 (virtual 720x2560) bpp=32 line=2880 smem=14749264 mem=0x762bc000
SF3000 fb0: xoffset=0 yoffset=0 rotate=0 type=0 visual=2
SF3000 fb0: pixel r=16/8 g=8/8 b=0/8 a=24/8
SF3000 fb0: write-readback test: wrote 0xDEADBEEF got 0xDEADBEEF (OK)
video_drivers_init:51
video_drivers_init:74, colormode: 1
color_format is 1
game rotate:0
init rotate:0
init ver_flip:0
init hor_flip:0
rotate:0
ver_flip:0
hor_flip:0
create msg id: 0
Init gpio_lib success.
******************hcge_driver_init:40***********************
create msg id: 32769
Initialize fb, fbnum 7, width 1280, height 720, bits_per_pixel 16
w: 1280
h: 720
screen w: 640
screen h: 480
scale.h_div = 1280
scale.v_div = 720
scale.h_mul = 640
scale.v_mul = 480
rotate:0
video_drivers_init:76, colormode: 1
hwdisp: HW path active (init rv=36 g_render=0x762bb640 ctx=0xa106d8)
video_driver_set_aspect_ratio 4:3
is_full_screen:1
sf3000_fb_init: hwdisp early-init ok
SDL surface: 320x240 bpp=16 pitch=640
input: new device #0 "sdl:keys"
input: async-only devices detected..
# drv probed binds name
0   0      y     y sdl:keys
SF3000 FN: HAS_FN=YES (bit 16 → SDLK_F11 FN, data-driven)
SF3000 input: joy_key shm OK, initial keys=0x00000000
SF3000 input: loaded keymap
libpicofe/readpng.c: failed to open: /mnt/sdcard/cubegm/skin/font.png
libpicofe/readpng.c: failed to open: /mnt/sdcard/cubegm/skin/selector.png
found skin.txt
skin.txt: parse error: background_color=0xF74131

FROGUI_DBG: retro_init start
FROGUI_DBG: geometry set
FROGUI_DBG: font_init done
FROGUI_DBG: font_scan done
FROGUI_DBG: wallpaper_scan done
FROGUI_DBG: theme_pack_scan done
FROGUI_DBG: icon_pack_scan done
FROGUI_DBG: theme_init done
FROGUI_DBG: settings loaded
FROGUI_DBG: recent_games_init done
FROGUI_DBG: favorites_init done
FROGUI_DBG: core overrides loaded
FROGUI_DBG: calloc done
FROGUI_DBG: render_init done
FROGUI_DBG: scan_directory done
FROGUI_DBG: retro_init complete
TFDBG video_refresh pid=1461 n=1 data=0x6d8c1008 size=640x480 pitch=1280 quit=0
TFDBG plat_video_process pid=1461 n=1 size=640x480 pitch=1280 fmt=2
TFDBG blit#1 w=640 h=480 pitch=1280 filter=0 scale=1 use_hw=1
is_full_screen:1
color_format is 1
Init gpio_lib success.
******************hcge_driver_init:40***********************
Initialize fb, fbnum 23, width 640, height 480, bits_per_pixel 16
w: 640
h: 480
screen w: 640
screen h: 480
scale.h_div = 640
scale.v_div = 480
scale.h_mul = 640
scale.v_mul = 480
rotate:0
video_driver_setting 640 480 1 img_w:640 img_h:480 img_p:1280
TFDBG video_refresh pid=1461 n=2 data=0x6d300008 size=640x480 pitch=1280 quit=0
TFDBG plat_video_process pid=1461 n=2 size=640x480 pitch=1280 fmt=2
TFDBG blit#2 w=640 h=480 pitch=1280 filter=0 scale=1 use_hw=1
TFDBG video_refresh pid=1461 n=3 data=0x6d300008 size=640x480 pitch=1280 quit=0
TFDBG plat_video_process pid=1461 n=3 size=640x480 pitch=1280 fmt=2
TFDBG blit#3 w=640 h=480 pitch=1280 filter=0 scale=1 use_hw=1
TFDBG video_refresh pid=1461 n=4 data=0x6d300008 size=640x480 pitch=1280 quit=0
TFDBG plat_video_process pid=1461 n=4 size=640x480 pitch=1280 fmt=2
TFDBG blit#4 w=640 h=480 pitch=1280 filter=0 scale=1 use_hw=1
TFDBG video_refresh pid=1461 n=5 data=0x6d8c1008 size=640x480 pitch=1280 quit=0
TFDBG plat_video_process pid=1461 n=5 size=640x480 pitch=1280 fmt=2
TFDBG blit#5 w=640 h=480 pitch=1280 filter=0 scale=1 use_hw=1
TFDBG video_refresh pid=1461 n=6 data=0x6d8c1008 size=640x480 pitch=1280 quit=0
TFDBG plat_video_process pid=1461 n=6 size=640x480 pitch=1280 fmt=2
TFDBG blit#6 w=640 h=480 pitch=1280 filter=0 scale=1 use_hw=1
FROGUI_DBG: builtin_launch: start
